// Jest Snapshot v1, https://goo.gl/fbAQLP

exports[`icon slot 1`] = `
<div role="alert" class="van-notice-bar">Custom Left Icon<div role="marquee" class="van-notice-bar__wrap">
    <div class="van-notice-bar__content" style="transform: translateX(0px); transition-delay: 1s; transition-duration: 0s;">
      Content
    </div>
  </div>Custom Right Icon</div>
`;
