// Jest Snapshot v1, https://goo.gl/fbAQLP

exports[`renders demo correctly 1`] = `
<div>
  <div>
    <div class="van-uploader">
      <div class="van-uploader__wrapper">
        <div class="van-uploader__upload"><i class="van-icon van-icon-photograph van-uploader__upload-icon">
            <!----></i><input type="file" accept="image/*" class="van-uploader__input"></div>
      </div>
    </div>
  </div>
  <div>
    <div class="van-uploader">
      <div class="van-uploader__wrapper">
        <div class="van-uploader__preview">
          <div class="van-image van-uploader__preview-image"><img src="https://img.yzcdn.cn/vant/leaf.jpg" class="van-image__img" style="object-fit: cover;">
            <div class="van-image__loading"><i class="van-icon van-icon-photo-o van-image__loading-icon">
                <!----></i></div>
          </div><i class="van-icon van-icon-clear van-uploader__preview-delete">
            <!----></i>
        </div>
        <div class="van-uploader__preview">
          <div class="van-image van-uploader__preview-image"><img src="https://img.yzcdn.cn/vant/tree.jpg" class="van-image__img" style="object-fit: cover;">
            <div class="van-image__loading"><i class="van-icon van-icon-photo-o van-image__loading-icon">
                <!----></i></div>
          </div><i class="van-icon van-icon-clear van-uploader__preview-delete">
            <!----></i>
        </div>
        <div class="van-uploader__upload"><i class="van-icon van-icon-photograph van-uploader__upload-icon">
            <!----></i><input multiple="multiple" type="file" accept="*" class="van-uploader__input"></div>
      </div>
    </div>
  </div>
  <div>
    <div class="van-uploader">
      <div class="van-uploader__wrapper van-uploader__wrapper--disabled">
        <div class="van-uploader__upload"><i class="van-icon van-icon-photograph van-uploader__upload-icon">
            <!----></i><input type="file" accept="image/*" disabled="disabled" class="van-uploader__input"></div>
      </div>
    </div>
  </div>
  <div>
    <div class="van-uploader">
      <div class="van-uploader__wrapper">
        <div class="van-uploader__preview">
          <div class="van-image van-uploader__preview-image"><img src="https://img.yzcdn.cn/vant/leaf.jpg" class="van-image__img" style="object-fit: cover;">
            <div class="van-image__loading"><i class="van-icon van-icon-photo-o van-image__loading-icon">
                <!----></i></div>
          </div>
          <div class="van-uploader__mask">
            <div class="van-loading van-loading--circular van-uploader__loading"><span class="van-loading__spinner van-loading__spinner--circular"><svg viewBox="25 25 50 50" class="van-loading__circular"><circle cx="50" cy="50" r="20" fill="none"></circle></svg></span></div>
            <div class="van-uploader__mask-message">上传中...</div>
          </div>
        </div>
        <div class="van-uploader__preview">
          <div class="van-image van-uploader__preview-image"><img src="https://img.yzcdn.cn/vant/tree.jpg" class="van-image__img" style="object-fit: cover;">
            <div class="van-image__loading"><i class="van-icon van-icon-photo-o van-image__loading-icon">
                <!----></i></div>
          </div>
          <div class="van-uploader__mask"><i class="van-icon van-icon-warning-o van-uploader__mask-icon">
              <!----></i>
            <div class="van-uploader__mask-message">上传失败</div>
          </div><i class="van-icon van-icon-clear van-uploader__preview-delete">
            <!----></i>
        </div>
        <div class="van-uploader__upload"><i class="van-icon van-icon-photograph van-uploader__upload-icon">
            <!----></i><input type="file" accept="image/*" class="van-uploader__input"></div>
      </div>
    </div>
  </div>
  <div>
    <div class="van-uploader">
      <div class="van-uploader__wrapper">
        <div class="van-uploader__preview">
          <div class="van-image van-uploader__preview-image"><img src="https://img.yzcdn.cn/vant/sand.jpg" class="van-image__img" style="object-fit: cover;">
            <div class="van-image__loading"><i class="van-icon van-icon-photo-o van-image__loading-icon">
                <!----></i></div>
          </div><i class="van-icon van-icon-clear van-uploader__preview-delete">
            <!----></i>
        </div>
        <div class="van-uploader__upload"><i class="van-icon van-icon-photograph van-uploader__upload-icon">
            <!----></i><input multiple="multiple" type="file" accept="image/*" class="van-uploader__input"></div>
      </div>
    </div>
  </div>
  <div>
    <div class="van-uploader">
      <div class="van-uploader__wrapper">
        <div class="van-uploader__upload"><i class="van-icon van-icon-photograph van-uploader__upload-icon">
            <!----></i><input multiple="multiple" type="file" accept="image/*" class="van-uploader__input"></div>
      </div>
    </div>
  </div>
  <div>
    <div class="van-uploader">
      <div class="van-uploader__wrapper">
        <div class="van-uploader__input-wrapper"><button class="van-button van-button--primary van-button--normal"><i class="van-icon van-icon-photo van-button__icon">
              <!----></i><span class="van-button__text">
        上传文件
      </span></button><input type="file" accept="image/*" class="van-uploader__input"></div>
      </div>
    </div>
  </div>
  <div>
    <div class="van-uploader">
      <div class="van-uploader__wrapper">
        <div class="van-uploader__upload"><i class="van-icon van-icon-photograph van-uploader__upload-icon">
            <!----></i><input type="file" accept="image/*" class="van-uploader__input"></div>
      </div>
    </div>
  </div>
</div>
`;
